Testing canvas_size conversion fixes...
python : 2025-07-21 00:09:22,800 - config - INFO - Using device: cuda
At line:1 char:1
+ python -u test_fixes.py > test_output.txt 2>&1
+ ~~~~~~~~~~~~~~~~~~~~~~~~~~~~~~~~~~~~~~~~~~~~~~
    + CategoryInfo          : NotSpecified: (2025-07-21 00:0...ng device: cuda:String) [], RemoteException
    + FullyQualifiedErrorId : NativeCommandError
 
2025-07-21 00:09:22,805 - config - INFO - Configuration loaded from config.yaml.
2025-07-21 00:09:22,805 - config - INFO - Applying critical memory-optimized configuration overrides for 4GB GPU:
2025-07-21 00:09:22,805 - config - INFO -   Overriding 'model.batch_size' to 4.
2025-07-21 00:09:22,805 - config - INFO -   Overriding 'data.image_size' to [96, 96].
2025-07-21 00:09:22,805 - config - INFO -   Overriding 'data.initial_image_size' to [64, 64].
2025-07-21 00:09:22,805 - config - INFO -   Overriding 'training.feature_consistency_weight' to 0.0 (disabling second view for 
memory).
2025-07-21 00:09:22,806 - config - INFO -   Ensuring 'training.use_amp' is True (Automatic Mixed Precision).
2025-07-21 00:09:22,806 - config - INFO -   Overriding 'data.dataloader_workers' to 6.
2025-07-21 00:09:22,806 - config - INFO -   Overriding 'training.gradient_accumulation_steps' to 2.
2025-07-21 00:09:22,806 - config - INFO -   Overriding 'training.mixup_alpha' to 0.2 (enabling MixUp).
2025-07-21 00:09:22,806 - config - INFO -   Overriding 'training.cutmix_alpha' to 1.0 (enabling CutMix).
2025-07-21 00:09:22,806 - config - INFO -   Overriding 'training.label_smoothing_epsilon' to 0.1 (enabling Label Smoothing).
2025-07-21 00:09:22,806 - config - INFO -   Overriding 'model.detection_confidence_threshold' to 0.1.
2025-07-21 00:09:22,806 - config - INFO -   Overriding 'model.yolo_augment' to True (enabling YOLO Test Time Augmentation).
2025-07-21 00:09:22,806 - config - INFO - Finished applying critical configuration overrides.
2025-07-21 00:09:22,806 - config - INFO - Effective CONFIG for DALI Pipeline: Batch Size=4, Image Size=[96, 96], Feature 
Consistency Weight=0.0
2025-07-21 00:09:22,806 - config - INFO - DALI Dataloader Workers: 6
2025-07-21 00:09:22,806 - config - INFO - Gradient Accumulation Steps: 2
2025-07-21 00:09:22,806 - config - INFO - MixUp Alpha: 0.2, CutMix Alpha: 1.0
2025-07-21 00:09:22,806 - config - INFO - Label Smoothing Epsilon: 0.1
2025-07-21 00:09:22,807 - config - INFO - Using device: cuda
Using synthetic data. Skipping real dataset download.
2025-07-21 00:09:22,807 - src.bongard_generator.config_loader - INFO - Successfully loaded configuration from main config.py
2025-07-21 00:09:25,538 - src.bongard_rules - INFO - Loaded 23 canonical Bongard rules successfully.
C:\Users\HP\AI_Projects\BongordSolver\src\bongard_generator\__init__.py:43: UserWarning: Some modules could not be imported: 
cannot import name 'AdversarialSampler' from 'src.bongard_generator.coverage' 
(C:\Users\HP\AI_Projects\BongordSolver\src\bongard_generator\coverage.py)
  warnings.warn(f"Some modules could not be imported: {e}")
2025-07-21 00:09:25,542 - src.bongard_generator - INFO - Bongard Generator v1.0.0 loaded successfully
Traceback (most recent call last):
  File "C:\Users\HP\AI_Projects\BongordSolver\test_fixes.py", line 20, in <module>
    img = create_composite_scene(objects, cfg)
          ^^^^^^^^^^^^^^^^^^^^^^^^^^^^^^^^^^^^
  File "C:\Users\HP\AI_Projects\BongordSolver\src\bongard_generator\dataset.py", line 27, in create_composite_scene
    draw_shape(draw, obj, cfg)
  File "C:\Users\HP\AI_Projects\BongordSolver\src\bongard_generator\shape_renderer.py", line 9, in draw_shape
    stroke = obj.get('stroke_width', cfg.stroke_min)
                                     ^^^^^^^^^^^^^^
AttributeError: 'types.SimpleNamespace' object has no attribute 'stroke_min'

During handling of the above exception, another exception occurred:

Traceback (most recent call last):
  File "C:\Users\HP\AI_Projects\BongordSolver\test_fixes.py", line 23, in <module>
    print(f"\u274c create_composite_scene failed: {e}")
  File "C:\Python312\Lib\encodings\cp1252.py", line 19, in encode
    return codecs.charmap_encode(input,self.errors,encoding_table)[0]
           ^^^^^^^^^^^^^^^^^^^^^^^^^^^^^^^^^^^^^^^^^^^^^^^^^^^^^^^
UnicodeEncodeError: 'charmap' codec can't encode character '\u274c' in position 0: character maps to <undefined>
